MO Sincronizador NULL Sincronizador.v vlg5D/_sincronizador.bin 1378348929
MO ControladorLucesSemaforo NULL ControladorLucesSemaforo.v vlg33/_controlador_luces_semaforo.bin 1378348929
MO MaquinaEstadosFinitos NULL MaquinaEstadosFinitos.v vlg6F/_maquina_estados_finitos.bin 1378348929
MO DivisorFrecuencia NULL DivisorFrecuencia.v vlg5D/_divisor_frecuencia.bin 1378348929
MO Timer NULL Timer.v vlg69/_timer.bin 1378348929
MO ParametrosTemporales NULL ParametrosTemporales.v vlg02/_parametros_temporales.bin 1378348929
MO WalkRegister NULL WalkRegister.v vlg24/_walk_register.bin 1378348929
