#-----------------------------------------------------------
# PlanAhead v14.6
# Build 269223 by xbuild on Wed Jun  5 11:17:50 MDT 2013
# Start of session at: Wed Sep 04 19:38:22 2013
# Process ID: 2500
# Log file: C:/Users/Zeck/Desktop/Laboratorio2/planAhead_run_4/planAhead.log
# Journal file: C:/Users/Zeck/Desktop/Laboratorio2/planAhead_run_4/planAhead.jou
#-----------------------------------------------------------
start_gui
source C:/Users/Zeck/Desktop/Laboratorio2/pa.fromNetlist.tcl
startgroup
set_property package_pin P11 [get_ports {luces[6]}]
endgroup
startgroup
set_property package_pin P12 [get_ports {luces[5]}]
endgroup
startgroup
set_property package_pin N12 [get_ports {luces[4]}]
endgroup
startgroup
set_property package_pin P13 [get_ports {luces[3]}]
endgroup
startgroup
set_property package_pin N14 [get_ports {luces[2]}]
endgroup
startgroup
set_property package_pin L12 [get_ports {luces[1]}]
endgroup
startgroup
set_property package_pin P14 [get_ports {luces[0]}]
endgroup
startgroup
set_property package_pin K13 [get_ports {Time_Parameter_Selector[1]}]
endgroup
startgroup
set_property package_pin K14 [get_ports {Time_Parameter_Selector[0]}]
endgroup
startgroup
set_property package_pin J13 [get_ports {Time_Value[3]}]
endgroup
startgroup
set_property package_pin J14 [get_ports {Time_Value[2]}]
endgroup
startgroup
set_property package_pin H13 [get_ports {Time_Value[1]}]
endgroup
startgroup
set_property package_pin H14 [get_ports {Time_Value[0]}]
endgroup
set_property package_pin "" [get_ports [list  Reprogram]]
startgroup
set_property package_pin T9 [get_ports clk]
endgroup
startgroup
set_property package_pin L14 [get_ports Reprogram]
endgroup
startgroup
set_property package_pin L13 [get_ports Reset]
endgroup
startgroup
set_property package_pin F12 [get_ports Sensor]
endgroup
startgroup
set_property package_pin M14 [get_ports Walk_Request]
endgroup
save_constraints
